src/lib/hydration-quick-reference.ts(28,50): error TS1005: '>' expected.
src/lib/hydration-quick-reference.ts(32,13): error TS1005: '>' expected.
src/lib/hydration-quick-reference.ts(32,21): error TS1005: ';' expected.
src/lib/hydration-quick-reference.ts(32,34): error TS1005: '>' expected.
src/lib/hydration-quick-reference.ts(32,43): error TS1005: ';' expected.
src/lib/hydration-quick-reference.ts(32,59): error TS1109: Expression expected.
src/lib/hydration-quick-reference.ts(32,60): error TS1109: Expression expected.
src/lib/hydration-quick-reference.ts(32,61): error TS1109: Expression expected.
src/lib/hydration-quick-reference.ts(33,19): error TS1005: '>' expected.
src/lib/hydration-quick-reference.ts(34,6): error TS1161: Unterminated regular expression literal.
src/lib/hydration-quick-reference.ts(47,26): error TS1005: '>' expected.
src/lib/hydration-quick-reference.ts(47,35): error TS1005: ';' expected.
src/lib/hydration-quick-reference.ts(47,49): error TS1109: Expression expected.
src/lib/hydration-quick-reference.ts(47,50): error TS1109: Expression expected.
src/lib/hydration-quick-reference.ts(50,35): error TS1005: '>' expected.
src/lib/hydration-quick-reference.ts(73,6): error TS1005: '>' expected.
src/lib/hydration-quick-reference.ts(73,8): error TS1005: ';' expected.
src/lib/hydration-quick-reference.ts(73,26): error TS1109: Expression expected.
src/lib/hydration-quick-reference.ts(73,27): error TS1109: Expression expected.
src/lib/hydration-quick-reference.ts(73,31): error TS1110: Type expected.
src/lib/hydration-quick-reference.ts(79,10): error TS1005: '>' expected.
src/lib/hydration-quick-reference.ts(79,12): error TS1005: ';' expected.
src/lib/hydration-quick-reference.ts(79,30): error TS1109: Expression expected.
src/lib/hydration-quick-reference.ts(79,31): error TS1109: Expression expected.
src/lib/hydration-quick-reference.ts(79,35): error TS1110: Type expected.
src/lib/hydration-quick-reference.ts(80,10): error TS1161: Unterminated regular expression literal.
src/lib/hydration-quick-reference.ts(94,18): error TS1005: ',' expected.
src/lib/hydration-quick-reference.ts(95,27): error TS1005: '>' expected.
src/lib/hydration-quick-reference.ts(95,30): error TS1005: ')' expected.
src/lib/hydration-quick-reference.ts(95,38): error TS1005: ',' expected.
src/lib/hydration-quick-reference.ts(96,34): error TS1005: ',' expected.
src/lib/hydration-quick-reference.ts(96,43): error TS1161: Unterminated regular expression literal.
src/lib/hydration-quick-reference.ts(98,32): error TS1005: '>' expected.
src/lib/hydration-quick-reference.ts(98,36): error TS1005: ',' expected.
src/lib/hydration-quick-reference.ts(98,43): error TS1005: ',' expected.
src/lib/hydration-quick-reference.ts(98,57): error TS1109: Expression expected.
src/lib/hydration-quick-reference.ts(99,18): error TS1110: Type expected.
src/lib/hydration-quick-reference.ts(100,14): error TS1161: Unterminated regular expression literal.
src/lib/hydration-quick-reference.ts(101,14): error TS1005: ',' expected.
src/lib/hydration-quick-reference.ts(103,10): error TS1161: Unterminated regular expression literal.
src/lib/hydration-quick-reference.ts(104,10): error TS1161: Unterminated regular expression literal.
